int var: i, j = 0
for: , < j 10, = j + j 2
do:
for: = i 0, < i 10, = i + i 1
do:
  int var: temp
  = temp + j i
  = j temp
= j + j 0
