[Line 8] semantic error: parameter y expected integer but received float
