[Line 7] semantic error: function f expects 1 parameters but received 2
