float array: values (size: 100)
= [index] values + [int] [index] values 10 2 -u [index] values * [int] [index] values 12 5
