int var: i = 0
float var: f = [float] 0
= f - [float] + 12 i f
= i [int] / [float] [int] 12.3 f
