[Line 2] warning: multicharacter value truncated to 'a'
