[Line 2] syntax error, unexpected ID
[Line 3] syntax error, unexpected ID
