[Line 6] semantic error: attribution operation expected character but received character array
