int var: a_
int var: BB, c
int var: d = 0, e1 = 1
= a_ + d * 2 3
= BB - / -u a_ 12 1
= c / * e1 e1 a_
int var: Abra = 1, Kadabra, Alakazam
= Kadabra + * Abra 10 1
= Alakazam + 1 * Kadabra 10
int var: x10_12Y
= x10_12Y / * -u + 10 2 - 3 4 + -u 0 1
