float var: f = 1.0, g = 0., h = .10, i
bool var: b = true
= i - * -u f g / h 2.1
= b | ! > i 0.0 < i -u 2.3
bool var: ab, cd = true
= ab & | cd ! true > 2 -u 2
float var: abba, ikea
= abba 12.0
= ikea + * 13.21 1.7 4.2
bool var: svenska
= svenska <= abba ikea

