int var: i = 0, j
float var: f = 1.1
bool var: b = true
= j [int] [int] + [float] i f
= i [int] j
= b & b [bool] f
= f + [float] b 0.0
int var: i = 0
float var: f = [float] 0
= f - [float] + 12 i f
= i [int] / [float] [int] 12.3 f
