int var: i
if: true
then:
  float var: i = 0.0
for: = i 0, < i 2, = i + i 2
do:
  int var: a
bool var: a = true
int var: ii, j
if: true
then:
  int var: ii
  if: true
  then:
    for: = ii 0, < ii 10, = ii + ii 3
    do:
      int var: j
