[Line 17] semantic error: re-declaration of variable a
[Line 18] semantic error: attribution operation expected boolean but received integer
[Line 20] semantic error: re-declaration of variable a
[Line 21] semantic error: attribution operation expected integer but received boolean
