[Line 5] semantic error: attribution operation expected integer but received boolean
