[Line 4] semantic error: function lambda expects 2 parameters but received 3
