[Line 6] semantic error: function lambda expects 2 parameters but received 1
[Line 8] semantic error: map lambda expects 1 parameters but received 2
