[Line 4] semantic error: second parameter must be of array type
[Line 6] semantic error: length operation expects an array
[Line 7] semantic error: left hand side of index operation is not an array
[Line 7] semantic error: parameter x expected integer but received undefined
[Line 10] semantic error: attribution operation expected integer array but received integer
