[Line 3] syntax error, unexpected ID, expecting F_LAMBDA or L_CALL
