[Line 9] semantic error: operation between mismatched array sizes
