[Line 9] semantic error: test operation expected boolean but received integer
[Line 21] syntax error, unexpected NL, expecting LCURLY
[Line 24] syntax error, unexpected LT, expecting ASSIGN
[Line 26] syntax error, unexpected RCURLY
