[Line 3] lexical error: unknown symbol ####
[Line 3] lexical error: unknown symbol $#@#%%
[Line 4] semantic error: re-declaration of variable a
[Line 5] semantic error: re-declaration of variable a
[Line 5] syntax error[Line 7] syntax error[Line 8] syntax error[Line 11] semantic error: undeclared variable A
[Line 14] semantic error: undeclared variable abra
