[Line 5] syntax error[Line 16] syntax error[Line 16] syntax error[Line 17] syntax error[Line 31] syntax error[Line 36] semantic error: test operation expected boolean but received integer
