[Line 9] semantic error: test operation expected boolean but received integer
[Line 21] syntax error[Line 24] syntax error[Line 26] syntax error