[Line 5] syntax error, unexpected THEN
[Line 16] syntax error, unexpected NL, expecting LCURLY
[Line 36] semantic error: test operation expected boolean but received integer
