[Line 2] semantic error: reference operation expects a pointer
