[Line 2] semantic error: address operation expects a variable or array item
