int var: a, b, c
= a 2
= b 4
int fun: lambda (params: int x, int y)
  ret + x y
= c lambda[2 params] a b
