int array: t (size: 10), output (size: 10)
int array fun: t_map (params: int array t)
  int fun: lambda (params: int x)
    ret + x 2
  int var: t_ti
  int array: t_ta (size: 10)
  for: = t_ti 0, < t_ti [len] t, = t_ti + t_ti 1
  do:
    = [index] t_ta t_ti lambda[1 params] [index] t t_ti
  ret t_ta
= output t_map[1 params] t
