int fun: lambda (params: int ref ref x)
  ret + [ref] [ref] x 1
