[Line 7] semantic error: attribution operation expected integer but received boolean
[Line 8] semantic error: attribution operation expected integer but received float
[Line 9] semantic error: and operation expected boolean but received integer
