int var: i = 0, j
float var: f = 1.1
bool var: b = true
= j [int] [int] + [float] i f
= i [int] j
= b & b [bool] f
= f + [float] b 0.0
int var: l = 0
float var: k = [float] 0
= k - [float] + 12 l k
= l [int] / [float] [int] 12.3 k
