[Line 8] semantic error: attribution operation expected integer but received float
[Line 9] semantic error: attribution operation expected integer but received boolean
[Line 10] semantic error: attribution operation expected boolean but received integer
[Line 12] semantic error: less than operation expected boolean but received float
[Line 12] semantic error: attribution operation expected float but received boolean
[Line 13] semantic error: attribution operation expected boolean but received float
