float var: f
if: true
then:
  if: <= 2.3 [float] 4
  then:
    if: >= + 2 3 5
    then:
      = f 2.0
  else:
    = f 1.0
